// Vitest Snapshot v1, https://vitest.dev/guide/snapshot.html

exports[`Button component > mounts without error 1`] = `"<div data-v-8ee70a59="" class="button"><button data-v-8ee70a59="" type="submit" class="btn _active"></button></div>"`;
